// Jest Snapshot v1, https://goo.gl/fbAQLP

exports[`endRoundBtns should match the snapshot 1`] = `
<div
  className="btnContainer"
>
  <button
    className="resetAll"
    onClick={[MockFunction]}
  >
    Reset All Questions
  </button>
  <button
    className="resetIncorrect"
    onClick={[MockFunction]}
  >
    Practice Incorrect Questions
  </button>
</div>
`;
